# 实习笔记

##day1

Classpath:
Set classpath=E:/eclipseWorkplace/szsmday1/bin(重要)

包级的封装：类一定要放在包里面，如果想被别人使用，那么一定要设置成public，只能导入包的公有的成员，私有成员不可见

包级别的成员：只能public或者默认default

一个源文件里可以包括很多个类，源文件的名字必须和public修饰的类保持一致。

使用java.lang包不用导入。

try catch finally中finally块一定会执行吗？
不会,System.exit();

类元：classifier(类，接口，枚举,注解)
class interface enum annotation

access modifier   可见性

encapsulation是通过访问修饰符实现的。
encapsulation----->access modifier----->visibility
分离抽象物的做什么和如何做。决定作用域内可以操作的元素
控制作用域内元素的可操作级别。

方法級別的class一定是私有的

封装，继承，多态，层次化
面向对象的概念
世界是由对象组成的
对象是有类型的
对象与对象有交互

软件设计：VCD（以变化为中心的设计）
组织结构与业务逻辑  抽象耦合

## day2

jvm加载：rt->ext->用户库
xxx.class->classloader->bytecode verifier->interpreter->runtime->hardware
java -Xverify:none ClassName//取消验证

native code:操作系统直接运行
bytecode：java编译而成
解释器：将bytecode转成native code
set _JAVA_LAUNCHER_DEBUG=1

overloading: 重载只能发生在同一个作用域中。可以是构造器与方法。我打x(.....)，主语，动作相同
overriding: 一定要在层次树中的不同层次里。只能覆盖虚方法。

继承：纵向重用。实现多态的重要手段。一种机制，实现泛化与实现(implementation)关系。用一种增量，迭代的方式加深一个概念的理解。分层次地理解。
最主要的目的：overriding(重写)修改父类的行为
overriding method: 只能是方法，一定是在继承树里面。返回值，参数列表，方法名保持一致

继承关系中的重写：方法的可见性一定要扩大或不变，而不能缩小可见性。(保证子类一定能替换父类)

UML:

“+ - # ~(public private protected)”


泛化(实线空心三角箭头)
实现(虚线空心三角箭头)

访问控制 same class | same package | subclass | univserse
private    yes              no           no         no
default    yes              yes          no         no (就是包私有)
protected  yes              yes          yes        no
public     yes              yes          yes        yes 

protected: 正在继承树中可见
default: 包私有

接口中每一个成员必须是共有的。

多态：polymorphism(poly = many ,morph = form)
对象的能力，允许接收消息的对象用不同的方式接收同一个消息。
variable: 变量
argument: 参数
primitive： 具体值
reference handle: 句柄

Employee e = new Manager();
e.department = "sale"
e,getDetails();
编译时类型决定对象能做什么，运行时类型决定对象如何做。
如果方法是虚方法，调用运行时方法，否则调用编译时类型。

upcast(向上自动转型)：子类当基类使
downcast(需要强制转型)

编译时类型：
运行时类型：

名字隐藏规则：内部作用域会隐藏外部作用域上的名字（类名，方法名，变量名）
java不允许局部的名字隐藏规则(少犯错)

hide
 redefine
  override
   overload

B obj = new D();
obj.成员

如果成员是属性：他的取值由编译类型决定
如果成员是方法，则要决定是静态绑定还是动态绑定：
    如被调方法是非虚方法则进行静态绑定，类型由编译时类型决定。
	如果被调方法时虚方法则进行动态绑定，类型由运行时类型决定。
private fianl static-->非虚方法


变量：

jvm内存模型
stack:局部变量，参数列表，局部变量需要初始化。属于线程的
heap：所有的实例变量，虚拟机缺省初始化。gc管理(gc只管理对象的状态)  进程
non heap:静态变量，也会被确认初始化。生命周期从类被加载开始，直到jvm退出。静态变量在类加载时就初始化。 进程
直接内存区： 进程

反射：



创建对象步骤
加载：字节码，静态变量初始化，执行静态代码块
堆上创建对象

永远不要大而全，要小而美。少用静态变量。

分代的jvm内存模型：

运行参数：-Xms20m -Xmx20m -Xmn10m -XX:SurvivorRatio=8 -XX:+PrintGCDetails -XX:+PrintGCDateStamps

作业：更换垃圾收集器

-XX:+UseParallelGC
-XX:+UseParNewGC

-XX:+UseG1GC

-XX:+UseConcMarkSweepGC

## day3

cms垃圾收集器运行结果

Heap
 par new generation   total 9216K, used 7292K [0x00000000fec00000, 0x00000000ff600000, 0x00000000ff600000)
  eden space 8192K,  89% used [0x00000000fec00000, 0x00000000ff31f010, 0x00000000ff400000)
  from space 1024K,   0% used [0x00000000ff400000, 0x00000000ff400000, 0x00000000ff500000)
  to   space 1024K,   0% used [0x00000000ff500000, 0x00000000ff500000, 0x00000000ff600000)
 concurrent mark-sweep generation total 10240K, used 0K [0x00000000ff600000, 0x0000000100000000, 0x0000000100000000)
 Metaspace       used 2766K, capacity 4486K, committed 4864K, reserved 1056768K
  class space    used 297K, capacity 386K, committed 512K, reserved 1048576K



2019-09-25T09:29:35.277+0800: [GC (Allocation Failure) 

2019-09-25T09:29:35.277+0800: [ParNew: 7127K->594K(9216K), 0.0043855 secs] 

7127K->6740K(19456K), 0.0044651 secs][Times: user=0.00 sys=0.00, real=0.00 secs] 
Heap
 par new generation   total 9216K, used 2724K [0x00000000fec00000, 0x00000000ff600000, 0x00000000ff600000)
  eden space 8192K,  26% used [0x00000000fec00000, 0x00000000fee14930, 0x00000000ff400000)
  from space 1024K,  58% used [0x00000000ff500000, 0x00000000ff594ab8, 0x00000000ff600000)
  to   space 1024K,   0% used [0x00000000ff400000, 0x00000000ff400000, 0x00000000ff500000)
 concurrent mark-sweep generation total 10240K, used 6146K [0x00000000ff600000, 0x0000000100000000, 0x0000000100000000)
 Metaspace       used 2766K, capacity 4486K, committed 4864K, reserved 1056768K
  class space    used 297K, capacity 386K, committed 512K, reserved 1048576K



加入两个4M的数组：

2019-09-25T09:35:39.891+0800: [GC (Allocation Failure) 

2019-09-25T09:35:39.891+0800: [ParNew: 

7127K->578K(9216K), 0.0042456 secs] 7127K->6724K(19456K), 0.0044833 secs][Times: user=0.00 sys=0.00, real=0.00 secs] 
2019-09-25T09:35:39.891+0800: [GC (Allocation Failure) 

2019-09-25T09:35:39.891+0800: [ParNew: 

6882K->6882K(9216K), 0.0000188 secs]2019-09-25T09:35:39.891+0800: [CMS: 6146K->8192K(10240K), 0.0057184 secs] 13028K->12849K(19456K), [Metaspace: 2760K->2760K(1056768K)], 0.0058082 secs][Times: user=0.00 sys=0.00, real=0.00 secs] 

2019-09-25T09:35:39.891+0800: [Full GC (Allocation Failure) 

2019-09-25T09:35:39.891+0800: [CMS: 8192K->8192K(10240K), 0.0016633 secs] 12849K->12837K(19456K), [Metaspace: 2760K->2760K(1056768K)], 0.0017148 secs][Times: user=0.00 sys=0.00, real=0.00 secs] 
2019-09-25T09:35:39.891+0800: [GC (CMS Initial Mark) [1 CMS-initial-mark: 8192K(10240K)] 12837K(19456K), 0.0003749 secs] [Times: user=0.00 sys=0.00, real=0.00 secs] 
2019-09-25T09:35:39.891+0800: [CMS-concurrent-mark-start]
2019-09-25T09:35:39.891+0800: [CMS-concurrent-mark: 0.000/0.000 secs] [Times: user=0.00 sys=0.00, real=0.00 secs] 
2019-09-25T09:35:39.891+0800: [CMS-concurrent-preclean-start]
2019-09-25T09:35:39.891+0800: [CMS-concurrent-preclean: 0.000/0.000 secs] [Times: user=0.00 sys=0.00, real=0.00 secs] 
2019-09-25T09:35:39.891+0800: [CMS-concurrent-abortable-preclean-start]
2019-09-25T09:35:39.891+0800: [CMS-concurrent-abortable-preclean: 0.000/0.000 secs] [Times: user=0.00 sys=0.00, real=0.00 secs] 
Exception in thread "main" 2019-09-25T09:35:39.907+0800: [GC (CMS Final Remark) [YG occupancy: 

4769 K (9216 K)]2019-09-25T09:35:39.907+0800: [Rescan (parallel) , 0.0008617 secs]2019-09-25T09:35:39.907+0800: [weak refs processing, 0.0000146 secs]2019-09-25T09:35:39.907+0800: [class unloading, 0.0002495 secs]2019-09-25T09:35:39.907+0800: [scrub symbol table, 0.0003893 secs]2019-09-25T09:35:39.907+0800: [scrub string table, 0.0001286 secs][1 CMS-remark: 8192K(10240K)] 12961K(19456K), 0.0017936 secs][Times: user=0.00 sys=0.00, real=0.00 secs] 

2019-09-25T09:35:39.907+0800: [CMS-concurrent-sweep-start]
2019-09-25T09:35:39.907+0800: [CMS-concurrent-sweep: 0.000/0.000 secs] [Times: user=0.00 sys=0.00, real=0.00 secs] 
2019-09-25T09:35:39.907+0800: [CMS-concurrent-reset-start]
2019-09-25T09:35:39.907+0800: [CMS-concurrent-reset: 0.000/0.000 secs] [Times: user=0.00 sys=0.00, real=0.00 secs] 
java.lang.OutOfMemoryError: Java heap space
	at p7.Test.main(Test.java:17)
Heap
 par new generation   total 9216K, used 4933K [0x00000000fec00000, 0x00000000ff600000, 0x00000000ff600000)
  eden space 8192K,  60% used [0x00000000fec00000, 0x00000000ff0d14f0, 0x00000000ff400000)
  from space 1024K,   0% used [0x00000000ff500000, 0x00000000ff500000, 0x00000000ff600000)
  to   space 1024K,   0% used [0x00000000ff400000, 0x00000000ff400000, 0x00000000ff500000)
 concurrent mark-sweep generation total 10240K, used 0K [0x00000000ff600000, 0x0000000100000000, 0x0000000100000000)
 Metaspace       used 2792K, capacity 4486K, committed 4864K, reserved 1056768K
  class space    used 300K, capacity 386K, committed 512K, reserved 1048576K



**多态，概念提升**

一种能力，对象接收相同消息，根据自己的运行时类型做出不同的反应。

左边抽象--->具体类型，可拓展，可维护。

它为多个类定义了同样的操作。

运行时多态是基于继承的。

多态功能的实现是依赖于它所应用的对象。

**多态一定依赖于继承吗？no！**
编译时多态（泛型或者模板）

运行时多态（依赖继承）

动态多态--->继承（必要条件）还要重写！

实例方法与静态方法的区别：实例方法有**this**指向堆上的对象。



类高级特性

interface中的属性：默认public static

接口支持多继承，一个类可以实现多个接口

abstract:

concrete:

extends: is a(是)

聚合，组合：has a(—>)

用：import（------->）

implement: can do(能力)

is 和 can 统称继承   



**异常**：

检查的异常

不检查的异常，虚拟机级别的异常error(内存溢出) , Runtime Exception(严重)

catch规则：从具体到抽象，异常规约

断言：作用与类，包。

**集合**

set:无序没有重复元素

list：有序允许重复

用户线程与守护线程（后台线程）

主线程一定是用户线程。

t.join();//等待

## day4

web开发

out.println("<meta http-equiv='refresh' content='1'")；

response.setContentType("application/msword");
response.setContentType("application/vnd.ms-excel");

## day5

javaEE基于组件的开发

WEB组件：

Servlet

JSP

Tag

Filter

Listener

组件是一个结构化的类

Server Context

Context Root(WEB应用的根)

应用，会话，请求，页面（四大域）

考核：

数据结构

线程

javaEE

## day9

云平台资源平台

企业介绍

企业项目介绍

dynamisc 365

springboot微服务案例：staffjoy

第一部分：为什么采用微服务架构？

​	单块优先（业务为主，先了解业务复杂性）

​	微服务优先（技术成熟，组件丰富）

第二部分：总体架构设计



技术中台：中间件技术，大数据和研发平台（PaaS）+服务器，机房和互联网数据中心（IaaS）

## day10

大数据架构

IaaS

PaaS

SaaS



ETL

BI



什么是大数据：数据迁移，保证数据安全，一致，数据清洗，监控

Vast，Variety，velocity



DevOps 开发运维工程师

kafka消息队列，微服务



